Starting the MongoMemoryServer Instance failed, enable debug log for more information. Error:
 DownloadError: Download failed for url "https://fastdl.mongodb.org/windows/mongodb-windows-x86_64-8.2.6.zip", Details:
getaddrinfo ENOTFOUND fastdl.mongodb.org
    at RedirectableRequest.<anonymous> (C:\Users\syedr\OneDrive\Desktop\project\ChatWave\backend\node_modules\mongodb-memory-server-core\lib\util\MongoBinaryDownload.js:470:24)
    at RedirectableRequest.emit (node:events:521:24)
    at eventHandlers.<computed> (C:\Users\syedr\OneDrive\Desktop\project\ChatWave\backend\node_modules\follow-redirects\index.js:56:24)
    at ClientRequest.emit (node:events:509:28)
    at emitErrorEvent (node:_http_client:109:11)
    at TLSSocket.socketErrorListener (node:_http_client:593:5)
    at TLSSocket.emit (node:events:509:28)
    at emitErrorNT (node:internal/streams/destroy:170:8)
    at emitErrorCloseNT (node:internal/streams/destroy:129:3)
    at process.processTicksAndRejections (node:internal/process/task_queues:90:21) {
  url: 'https://fastdl.mongodb.org/windows/mongodb-windows-x86_64-8.2.6.zip',
  msg: 'getaddrinfo ENOTFOUND fastdl.mongodb.org',
  code: 'ENOTFOUND',
  maxRetries: 3,
  attempts: 3
}
Failed to start in-memory MongoDB: Download failed for url "https://fastdl.mongodb.org/windows/mongodb-windows-x86_64-8.2.6.zip", Details:
getaddrinfo ENOTFOUND fastdl.mongodb.org
MongoDB connection error: connect ECONNREFUSED ::1:27017, connect ECONNREFUSED 127.0.0.1:27017
